[2026-08-30T14:23:20.438Z] {"timestamp":1788099798381,"level":"DEBUG","args":["[Manus] Debug collector initialized (no rrweb, UI events only)"],"stack":null}
[2026-08-30T14:23:20.438Z] {"timestamp":1788099798418,"level":"DEBUG","args":["[vite] connected."],"stack":null}
[2026-08-30T14:23:20.438Z] {"timestamp":1788099800123,"level":"INFO","args":["%cDownload the React DevTools for a better development experience: https://react.dev/link/react-devtools","font-weight:bold"],"stack":null}
[2026-08-30T14:25:22.741Z] {"timestamp":1788099920730,"level":"DEBUG","args":["[Manus] Debug collector initialized (no rrweb, UI events only)"],"stack":null}
[2026-08-30T14:25:22.741Z] {"timestamp":1788099920748,"level":"DEBUG","args":["[vite] connected."],"stack":null}
[2026-08-30T14:32:02.168Z] {"timestamp":1788100321860,"level":"LOG","args":["[vite] server connection lost. Polling for restart..."],"stack":null}
[2026-08-30T14:32:02.189Z] {"timestamp":1788100321857,"level":"LOG","args":["[vite] server connection lost. Polling for restart..."],"stack":null}
[2026-08-30T14:32:04.681Z] {"timestamp":1788100322989,"level":"DEBUG","args":["[Manus] Debug collector initialized (no rrweb, UI events only)"],"stack":null}
[2026-08-30T14:32:04.681Z] {"timestamp":1788100323052,"level":"DEBUG","args":["[vite] connected."],"stack":null}
[2026-08-30T14:32:04.681Z] {"timestamp":1788100324542,"level":"LOG","args":["[vite] server connection lost. Polling for restart..."],"stack":null}
[2026-08-30T14:32:05.151Z] {"timestamp":1788100322740,"level":"DEBUG","args":["[Manus] Debug collector initialized (no rrweb, UI events only)"],"stack":null}
[2026-08-30T14:32:05.151Z] {"timestamp":1788100322974,"level":"DEBUG","args":["[vite] connected."],"stack":null}
[2026-08-30T14:32:05.151Z] {"timestamp":1788100322975,"level":"ERROR","args":["[vite] Internal Server Error\nURI malformed\n    at decodeURI (<anonymous>)\n    at viteTransformMiddleware (file:///C:/Users/verma/Desktop/Razor/node_modules/vite/dist/node/chunks/dep-BK3b2jBa.js:62024:13)\n    at call (file:///C:/Users/verma/Desktop/Razor/node_modules/vite/dist/node/chunks/dep-BK3b2jBa.js:41364:7)\n    at next (file:///C:/Users/verma/Desktop/Razor/node_modules/vite/dist/node/chunks/dep-BK3b2jBa.js:41308:5)\n    at viteServePublicMiddleware (file:///C:/Users/verma/Desktop/Razor/node_modules/vite/dist/node/chunks/dep-BK3b2jBa.js:51663:14)\n    at call (file:///C:/Users/verma/Desktop/Razor/node_modules/vite/dist/node/chunks/dep-BK3b2jBa.js:41364:7)\n    at next (file:///C:/Users/verma/Desktop/Razor/node_modules/vite/dist/node/chunks/dep-BK3b2jBa.js:41308:5)\n    at viteHMRPingMiddleware (file:///C:/Users/verma/Desktop/Razor/node_modules/vite/dist/node/chunks/dep-BK3b2jBa.js:63369:7)\n    at call (file:///C:/Users/verma/Desktop/Razor/node_modules/vite/dist/node/chunks/dep-BK3b2jBa.js:41364:7)\n    at next (file:///C:/Users/verma/Desktop/Razor/node_modules/vite/dist/node/chunks/dep-BK3b2jBa.js:41308:5)\n    at next (file:///C:/Users/verma/Desktop/Razor/node_modules/vite/dist/node/chunks/dep-BK3b2jBa.js:41286:14)\n    at viteCachedTransformMiddleware (file:///C:/Users/verma/Desktop/Razor/node_modules/vite/dist/node/chunks/dep-BK3b2jBa.js:62011:5)\n    at call (file:///C:/Users/verma/Desktop/Razor/node_modules/vite/dist/node/chunks/dep-BK3b2jBa.js:41364:7)\n    at next (file:///C:/Users/verma/Desktop/Razor/node_modules/vite/dist/node/chunks/dep-BK3b2jBa.js:41308:5)\n    at viteHostCheckMiddleware (file:///C:/Users/verma/Desktop/Razor/node_modules/vite/dist/node/chunks/dep-BK3b2jBa.js:59324:12)\n    at call (file:///C:/Users/verma/Desktop/Razor/node_modules/vite/dist/node/chunks/dep-BK3b2jBa.js:41364:7)\n    at next (file:///C:/Users/verma/Desktop/Razor/node_modules/vite/dist/node/chunks/dep-BK3b2jBa.js:41308:5)\n    at cors (file:///C:/Users/verma/Desktop/Razor/node_modules/vite/dist/node/chunks/dep-BK3b2jBa.js:41836:7)\n    at file:///C:/Users/verma/Desktop/Razor/node_modules/vite/dist/node/chunks/dep-BK3b2jBa.js:41872:17\n    at originCallback (file:///C:/Users/verma/Desktop/Razor/node_modules/vite/dist/node/chunks/dep-BK3b2jBa.js:41862:15)\n    at file:///C:/Users/verma/Desktop/Razor/node_modules/vite/dist/node/chunks/dep-BK3b2jBa.js:41867:13\n    at optionsCallback (file:///C:/Users/verma/Desktop/Razor/node_modules/vite/dist/node/chunks/dep-BK3b2jBa.js:41847:9)\n    at corsMiddleware (file:///C:/Users/verma/Desktop/Razor/node_modules/vite/dist/node/chunks/dep-BK3b2jBa.js:41852:7)\n    at call (file:///C:/Users/verma/Desktop/Razor/node_modules/vite/dist/node/chunks/dep-BK3b2jBa.js:41364:7)\n    at next (file:///C:/Users/verma/Desktop/Razor/node_modules/vite/dist/node/chunks/dep-BK3b2jBa.js:41308:5)\n    at viteRejectInvalidRequestMiddleware (file:///C:/Users/verma/Desktop/Razor/node_modules/vite/dist/node/chunks/dep-BK3b2jBa.js:63007:12)\n    at call (file:///C:/Users/verma/Desktop/Razor/node_modules/vite/dist/node/chunks/dep-BK3b2jBa.js:41364:7)\n    at next (file:///C:/Users/verma/Desktop/Razor/node_modules/vite/dist/node/chunks/dep-BK3b2jBa.js:41308:5)\n    at next (file:///C:/Users/verma/Desktop/Razor/node_modules/vite/dist/node/chunks/dep-BK3b2jBa.js:41286:14)\n    at next (file:///C:/Users/verma/Desktop/Razor/node_modules/vite/dist/node/chunks/dep-BK3b2jBa.js:41286:14)\n    at Function.handle (file:///C:/Users/verma/Desktop/Razor/node_modules/vite/dist/node/chunks/dep-BK3b2jBa.js:41311:3)\n    at Server.app (file:///C:/Users/verma/Desktop/Razor/node_modules/vite/dist/node/chunks/dep-BK3b2jBa.js:41176:37)\n    at Server.emit (node:events:524:28)\n    at parserOnIncoming (node:_http_server:1153:12)\n    at HTTPParser.parserOnHeadersComplete (node:_http_common:117:17)"],"stack":"Error\n    at console.error (http://localhost:3000/__manus__/debug-collector.js:391:37)\n    at handleMessage (http://localhost:3000/@vite/client:702:19)\n    at WebSocket.<anonymous> (http://localhost:3000/@vite/client:550:5)"}
[2026-08-30T14:32:05.151Z] {"timestamp":1788100324568,"level":"LOG","args":["[vite] server connection lost. Polling for restart..."],"stack":null}
[2026-08-30T14:32:05.368Z] {"timestamp":1788100322740,"level":"DEBUG","args":["[Manus] Debug collector initialized (no rrweb, UI events only)"],"stack":null}
[2026-08-30T14:32:05.368Z] {"timestamp":1788100322974,"level":"DEBUG","args":["[vite] connected."],"stack":null}
[2026-08-30T14:32:05.368Z] {"timestamp":1788100322975,"level":"ERROR","args":["[vite] Internal Server Error\nURI malformed\n    at decodeURI (<anonymous>)\n    at viteTransformMiddleware (file:///C:/Users/verma/Desktop/Razor/node_modules/vite/dist/node/chunks/dep-BK3b2jBa.js:62024:13)\n    at call (file:///C:/Users/verma/Desktop/Razor/node_modules/vite/dist/node/chunks/dep-BK3b2jBa.js:41364:7)\n    at next (file:///C:/Users/verma/Desktop/Razor/node_modules/vite/dist/node/chunks/dep-BK3b2jBa.js:41308:5)\n    at viteServePublicMiddleware (file:///C:/Users/verma/Desktop/Razor/node_modules/vite/dist/node/chunks/dep-BK3b2jBa.js:51663:14)\n    at call (file:///C:/Users/verma/Desktop/Razor/node_modules/vite/dist/node/chunks/dep-BK3b2jBa.js:41364:7)\n    at next (file:///C:/Users/verma/Desktop/Razor/node_modules/vite/dist/node/chunks/dep-BK3b2jBa.js:41308:5)\n    at viteHMRPingMiddleware (file:///C:/Users/verma/Desktop/Razor/node_modules/vite/dist/node/chunks/dep-BK3b2jBa.js:63369:7)\n    at call (file:///C:/Users/verma/Desktop/Razor/node_modules/vite/dist/node/chunks/dep-BK3b2jBa.js:41364:7)\n    at next (file:///C:/Users/verma/Desktop/Razor/node_modules/vite/dist/node/chunks/dep-BK3b2jBa.js:41308:5)\n    at next (file:///C:/Users/verma/Desktop/Razor/node_modules/vite/dist/node/chunks/dep-BK3b2jBa.js:41286:14)\n    at viteCachedTransformMiddleware (file:///C:/Users/verma/Desktop/Razor/node_modules/vite/dist/node/chunks/dep-BK3b2jBa.js:62011:5)\n    at call (file:///C:/Users/verma/Desktop/Razor/node_modules/vite/dist/node/chunks/dep-BK3b2jBa.js:41364:7)\n    at next (file:///C:/Users/verma/Desktop/Razor/node_modules/vite/dist/node/chunks/dep-BK3b2jBa.js:41308:5)\n    at viteHostCheckMiddleware (file:///C:/Users/verma/Desktop/Razor/node_modules/vite/dist/node/chunks/dep-BK3b2jBa.js:59324:12)\n    at call (file:///C:/Users/verma/Desktop/Razor/node_modules/vite/dist/node/chunks/dep-BK3b2jBa.js:41364:7)\n    at next (file:///C:/Users/verma/Desktop/Razor/node_modules/vite/dist/node/chunks/dep-BK3b2jBa.js:41308:5)\n    at cors (file:///C:/Users/verma/Desktop/Razor/node_modules/vite/dist/node/chunks/dep-BK3b2jBa.js:41836:7)\n    at file:///C:/Users/verma/Desktop/Razor/node_modules/vite/dist/node/chunks/dep-BK3b2jBa.js:41872:17\n    at originCallback (file:///C:/Users/verma/Desktop/Razor/node_modules/vite/dist/node/chunks/dep-BK3b2jBa.js:41862:15)\n    at file:///C:/Users/verma/Desktop/Razor/node_modules/vite/dist/node/chunks/dep-BK3b2jBa.js:41867:13\n    at optionsCallback (file:///C:/Users/verma/Desktop/Razor/node_modules/vite/dist/node/chunks/dep-BK3b2jBa.js:41847:9)\n    at corsMiddleware (file:///C:/Users/verma/Desktop/Razor/node_modules/vite/dist/node/chunks/dep-BK3b2jBa.js:41852:7)\n    at call (file:///C:/Users/verma/Desktop/Razor/node_modules/vite/dist/node/chunks/dep-BK3b2jBa.js:41364:7)\n    at next (file:///C:/Users/verma/Desktop/Razor/node_modules/vite/dist/node/chunks/dep-BK3b2jBa.js:41308:5)\n    at viteRejectInvalidRequestMiddleware (file:///C:/Users/verma/Desktop/Razor/node_modules/vite/dist/node/chunks/dep-BK3b2jBa.js:63007:12)\n    at call (file:///C:/Users/verma/Desktop/Razor/node_modules/vite/dist/node/chunks/dep-BK3b2jBa.js:41364:7)\n    at next (file:///C:/Users/verma/Desktop/Razor/node_modules/vite/dist/node/chunks/dep-BK3b2jBa.js:41308:5)\n    at next (file:///C:/Users/verma/Desktop/Razor/node_modules/vite/dist/node/chunks/dep-BK3b2jBa.js:41286:14)\n    at next (file:///C:/Users/verma/Desktop/Razor/node_modules/vite/dist/node/chunks/dep-BK3b2jBa.js:41286:14)\n    at Function.handle (file:///C:/Users/verma/Desktop/Razor/node_modules/vite/dist/node/chunks/dep-BK3b2jBa.js:41311:3)\n    at Server.app (file:///C:/Users/verma/Desktop/Razor/node_modules/vite/dist/node/chunks/dep-BK3b2jBa.js:41176:37)\n    at Server.emit (node:events:524:28)\n    at parserOnIncoming (node:_http_server:1153:12)\n    at HTTPParser.parserOnHeadersComplete (node:_http_common:117:17)"],"stack":"Error\n    at console.error (http://localhost:3000/__manus__/debug-collector.js:391:37)\n    at handleMessage (http://localhost:3000/@vite/client:702:19)\n    at WebSocket.<anonymous> (http://localhost:3000/@vite/client:550:5)"}
[2026-08-30T14:32:05.368Z] {"timestamp":1788100324568,"level":"LOG","args":["[vite] server connection lost. Polling for restart..."],"stack":null}
[2026-08-30T14:32:08.255Z] {"timestamp":1788100325581,"level":"DEBUG","args":["[Manus] Debug collector initialized (no rrweb, UI events only)"],"stack":null}
[2026-08-30T14:32:08.255Z] {"timestamp":1788100325656,"level":"DEBUG","args":["[vite] connected."],"stack":null}
[2026-08-30T14:32:08.255Z] {"timestamp":1788100325657,"level":"ERROR","args":["[vite] Internal Server Error\nURI malformed\n    at decodeURI (<anonymous>)\n    at viteTransformMiddleware (file:///C:/Users/verma/Desktop/Razor/node_modules/vite/dist/node/chunks/dep-BK3b2jBa.js:62024:13)\n    at call (file:///C:/Users/verma/Desktop/Razor/node_modules/vite/dist/node/chunks/dep-BK3b2jBa.js:41364:7)\n    at next (file:///C:/Users/verma/Desktop/Razor/node_modules/vite/dist/node/chunks/dep-BK3b2jBa.js:41308:5)\n    at viteServePublicMiddleware (file:///C:/Users/verma/Desktop/Razor/node_modules/vite/dist/node/chunks/dep-BK3b2jBa.js:51663:14)\n    at call (file:///C:/Users/verma/Desktop/Razor/node_modules/vite/dist/node/chunks/dep-BK3b2jBa.js:41364:7)\n    at next (file:///C:/Users/verma/Desktop/Razor/node_modules/vite/dist/node/chunks/dep-BK3b2jBa.js:41308:5)\n    at viteHMRPingMiddleware (file:///C:/Users/verma/Desktop/Razor/node_modules/vite/dist/node/chunks/dep-BK3b2jBa.js:63369:7)\n    at call (file:///C:/Users/verma/Desktop/Razor/node_modules/vite/dist/node/chunks/dep-BK3b2jBa.js:41364:7)\n    at next (file:///C:/Users/verma/Desktop/Razor/node_modules/vite/dist/node/chunks/dep-BK3b2jBa.js:41308:5)\n    at next (file:///C:/Users/verma/Desktop/Razor/node_modules/vite/dist/node/chunks/dep-BK3b2jBa.js:41286:14)\n    at viteCachedTransformMiddleware (file:///C:/Users/verma/Desktop/Razor/node_modules/vite/dist/node/chunks/dep-BK3b2jBa.js:62011:5)\n    at call (file:///C:/Users/verma/Desktop/Razor/node_modules/vite/dist/node/chunks/dep-BK3b2jBa.js:41364:7)\n    at next (file:///C:/Users/verma/Desktop/Razor/node_modules/vite/dist/node/chunks/dep-BK3b2jBa.js:41308:5)\n    at viteHostCheckMiddleware (file:///C:/Users/verma/Desktop/Razor/node_modules/vite/dist/node/chunks/dep-BK3b2jBa.js:59324:12)\n    at call (file:///C:/Users/verma/Desktop/Razor/node_modules/vite/dist/node/chunks/dep-BK3b2jBa.js:41364:7)\n    at next (file:///C:/Users/verma/Desktop/Razor/node_modules/vite/dist/node/chunks/dep-BK3b2jBa.js:41308:5)\n    at cors (file:///C:/Users/verma/Desktop/Razor/node_modules/vite/dist/node/chunks/dep-BK3b2jBa.js:41836:7)\n    at file:///C:/Users/verma/Desktop/Razor/node_modules/vite/dist/node/chunks/dep-BK3b2jBa.js:41872:17\n    at originCallback (file:///C:/Users/verma/Desktop/Razor/node_modules/vite/dist/node/chunks/dep-BK3b2jBa.js:41862:15)\n    at file:///C:/Users/verma/Desktop/Razor/node_modules/vite/dist/node/chunks/dep-BK3b2jBa.js:41867:13\n    at optionsCallback (file:///C:/Users/verma/Desktop/Razor/node_modules/vite/dist/node/chunks/dep-BK3b2jBa.js:41847:9)\n    at corsMiddleware (file:///C:/Users/verma/Desktop/Razor/node_modules/vite/dist/node/chunks/dep-BK3b2jBa.js:41852:7)\n    at call (file:///C:/Users/verma/Desktop/Razor/node_modules/vite/dist/node/chunks/dep-BK3b2jBa.js:41364:7)\n    at next (file:///C:/Users/verma/Desktop/Razor/node_modules/vite/dist/node/chunks/dep-BK3b2jBa.js:41308:5)\n    at viteRejectInvalidRequestMiddleware (file:///C:/Users/verma/Desktop/Razor/node_modules/vite/dist/node/chunks/dep-BK3b2jBa.js:63007:12)\n    at call (file:///C:/Users/verma/Desktop/Razor/node_modules/vite/dist/node/chunks/dep-BK3b2jBa.js:41364:7)\n    at next (file:///C:/Users/verma/Desktop/Razor/node_modules/vite/dist/node/chunks/dep-BK3b2jBa.js:41308:5)\n    at next (file:///C:/Users/verma/Desktop/Razor/node_modules/vite/dist/node/chunks/dep-BK3b2jBa.js:41286:14)\n    at next (file:///C:/Users/verma/Desktop/Razor/node_modules/vite/dist/node/chunks/dep-BK3b2jBa.js:41286:14)\n    at Function.handle (file:///C:/Users/verma/Desktop/Razor/node_modules/vite/dist/node/chunks/dep-BK3b2jBa.js:41311:3)\n    at Server.app (file:///C:/Users/verma/Desktop/Razor/node_modules/vite/dist/node/chunks/dep-BK3b2jBa.js:41176:37)\n    at Server.emit (node:events:524:28)\n    at parserOnIncoming (node:_http_server:1153:12)\n    at HTTPParser.parserOnHeadersComplete (node:_http_common:117:17)"],"stack":"Error\n    at console.error (http://localhost:3000/__manus__/debug-collector.js:391:37)\n    at handleMessage (http://localhost:3000/@vite/client:702:19)\n    at WebSocket.<anonymous> (http://localhost:3000/@vite/client:550:5)"}
[2026-08-30T14:32:08.255Z] {"timestamp":1788100326773,"level":"INFO","args":["%cDownload the React DevTools for a better development experience: https://react.dev/link/react-devtools","font-weight:bold"],"stack":null}
[2026-08-30T14:32:08.258Z] {"timestamp":1788100325582,"level":"DEBUG","args":["[Manus] Debug collector initialized (no rrweb, UI events only)"],"stack":null}
[2026-08-30T14:32:08.258Z] {"timestamp":1788100325659,"level":"DEBUG","args":["[vite] connected."],"stack":null}
[2026-08-30T14:34:17.217Z] {"timestamp":1788100455203,"level":"DEBUG","args":["[Manus] Debug collector initialized (no rrweb, UI events only)"],"stack":null}
[2026-08-30T14:34:17.217Z] {"timestamp":1788100455218,"level":"DEBUG","args":["[vite] connected."],"stack":null}
[2026-08-30T14:34:17.217Z] {"timestamp":1788100455219,"level":"ERROR","args":["[vite] Internal Server Error\nURI malformed\n    at decodeURI (<anonymous>)\n    at viteTransformMiddleware (file:///C:/Users/verma/Desktop/Razor/node_modules/vite/dist/node/chunks/dep-BK3b2jBa.js:62024:13)\n    at call (file:///C:/Users/verma/Desktop/Razor/node_modules/vite/dist/node/chunks/dep-BK3b2jBa.js:41364:7)\n    at next (file:///C:/Users/verma/Desktop/Razor/node_modules/vite/dist/node/chunks/dep-BK3b2jBa.js:41308:5)\n    at viteServePublicMiddleware (file:///C:/Users/verma/Desktop/Razor/node_modules/vite/dist/node/chunks/dep-BK3b2jBa.js:51663:14)\n    at call (file:///C:/Users/verma/Desktop/Razor/node_modules/vite/dist/node/chunks/dep-BK3b2jBa.js:41364:7)\n    at next (file:///C:/Users/verma/Desktop/Razor/node_modules/vite/dist/node/chunks/dep-BK3b2jBa.js:41308:5)\n    at viteHMRPingMiddleware (file:///C:/Users/verma/Desktop/Razor/node_modules/vite/dist/node/chunks/dep-BK3b2jBa.js:63369:7)\n    at call (file:///C:/Users/verma/Desktop/Razor/node_modules/vite/dist/node/chunks/dep-BK3b2jBa.js:41364:7)\n    at next (file:///C:/Users/verma/Desktop/Razor/node_modules/vite/dist/node/chunks/dep-BK3b2jBa.js:41308:5)\n    at next (file:///C:/Users/verma/Desktop/Razor/node_modules/vite/dist/node/chunks/dep-BK3b2jBa.js:41286:14)\n    at viteCachedTransformMiddleware (file:///C:/Users/verma/Desktop/Razor/node_modules/vite/dist/node/chunks/dep-BK3b2jBa.js:62011:5)\n    at call (file:///C:/Users/verma/Desktop/Razor/node_modules/vite/dist/node/chunks/dep-BK3b2jBa.js:41364:7)\n    at next (file:///C:/Users/verma/Desktop/Razor/node_modules/vite/dist/node/chunks/dep-BK3b2jBa.js:41308:5)\n    at viteHostCheckMiddleware (file:///C:/Users/verma/Desktop/Razor/node_modules/vite/dist/node/chunks/dep-BK3b2jBa.js:59324:12)\n    at call (file:///C:/Users/verma/Desktop/Razor/node_modules/vite/dist/node/chunks/dep-BK3b2jBa.js:41364:7)\n    at next (file:///C:/Users/verma/Desktop/Razor/node_modules/vite/dist/node/chunks/dep-BK3b2jBa.js:41308:5)\n    at cors (file:///C:/Users/verma/Desktop/Razor/node_modules/vite/dist/node/chunks/dep-BK3b2jBa.js:41836:7)\n    at file:///C:/Users/verma/Desktop/Razor/node_modules/vite/dist/node/chunks/dep-BK3b2jBa.js:41872:17\n    at originCallback (file:///C:/Users/verma/Desktop/Razor/node_modules/vite/dist/node/chunks/dep-BK3b2jBa.js:41862:15)\n    at file:///C:/Users/verma/Desktop/Razor/node_modules/vite/dist/node/chunks/dep-BK3b2jBa.js:41867:13\n    at optionsCallback (file:///C:/Users/verma/Desktop/Razor/node_modules/vite/dist/node/chunks/dep-BK3b2jBa.js:41847:9)\n    at corsMiddleware (file:///C:/Users/verma/Desktop/Razor/node_modules/vite/dist/node/chunks/dep-BK3b2jBa.js:41852:7)\n    at call (file:///C:/Users/verma/Desktop/Razor/node_modules/vite/dist/node/chunks/dep-BK3b2jBa.js:41364:7)\n    at next (file:///C:/Users/verma/Desktop/Razor/node_modules/vite/dist/node/chunks/dep-BK3b2jBa.js:41308:5)\n    at viteRejectInvalidRequestMiddleware (file:///C:/Users/verma/Desktop/Razor/node_modules/vite/dist/node/chunks/dep-BK3b2jBa.js:63007:12)\n    at call (file:///C:/Users/verma/Desktop/Razor/node_modules/vite/dist/node/chunks/dep-BK3b2jBa.js:41364:7)\n    at next (file:///C:/Users/verma/Desktop/Razor/node_modules/vite/dist/node/chunks/dep-BK3b2jBa.js:41308:5)\n    at next (file:///C:/Users/verma/Desktop/Razor/node_modules/vite/dist/node/chunks/dep-BK3b2jBa.js:41286:14)\n    at next (file:///C:/Users/verma/Desktop/Razor/node_modules/vite/dist/node/chunks/dep-BK3b2jBa.js:41286:14)\n    at Function.handle (file:///C:/Users/verma/Desktop/Razor/node_modules/vite/dist/node/chunks/dep-BK3b2jBa.js:41311:3)\n    at Server.app (file:///C:/Users/verma/Desktop/Razor/node_modules/vite/dist/node/chunks/dep-BK3b2jBa.js:41176:37)\n    at Server.emit (node:events:524:28)\n    at parserOnIncoming (node:_http_server:1153:12)\n    at HTTPParser.parserOnHeadersComplete (node:_http_common:117:17)"],"stack":"Error\n    at console.<computed> [as error] (http://localhost:3000/__manus__/debug-collector.js:391:37)\n    at handleMessage (http://localhost:3000/@vite/client:702:19)\n    at WebSocket.<anonymous> (http://localhost:3000/@vite/client:550:5)"}
[2026-08-30T14:34:17.217Z] {"timestamp":1788100456241,"level":"INFO","args":["%cDownload the React DevTools for a better development experience: https://react.dev/link/react-devtools","font-weight:bold"],"stack":null}
[2026-08-30T14:34:17.256Z] {"timestamp":1788100423336,"level":"LOG","args":["[vite] server connection lost. Polling for restart..."],"stack":null}
[2026-08-30T14:37:49.830Z] {"timestamp":1788100669550,"level":"LOG","args":["[vite] server connection lost. Polling for restart..."],"stack":null}
[2026-08-30T14:37:53.256Z] {"timestamp":1788100670545,"level":"DEBUG","args":["[Manus] Debug collector initialized (no rrweb, UI events only)"],"stack":null}
[2026-08-30T14:37:53.256Z] {"timestamp":1788100670556,"level":"DEBUG","args":["[vite] connected."],"stack":null}
[2026-08-30T14:37:53.256Z] {"timestamp":1788100670557,"level":"ERROR","args":["[vite] Internal Server Error\nURI malformed\n    at decodeURI (<anonymous>)\n    at viteTransformMiddleware (file:///C:/Users/verma/Desktop/Razor/node_modules/vite/dist/node/chunks/dep-BK3b2jBa.js:62024:13)\n    at call (file:///C:/Users/verma/Desktop/Razor/node_modules/vite/dist/node/chunks/dep-BK3b2jBa.js:41364:7)\n    at next (file:///C:/Users/verma/Desktop/Razor/node_modules/vite/dist/node/chunks/dep-BK3b2jBa.js:41308:5)\n    at viteServePublicMiddleware (file:///C:/Users/verma/Desktop/Razor/node_modules/vite/dist/node/chunks/dep-BK3b2jBa.js:51663:14)\n    at call (file:///C:/Users/verma/Desktop/Razor/node_modules/vite/dist/node/chunks/dep-BK3b2jBa.js:41364:7)\n    at next (file:///C:/Users/verma/Desktop/Razor/node_modules/vite/dist/node/chunks/dep-BK3b2jBa.js:41308:5)\n    at viteHMRPingMiddleware (file:///C:/Users/verma/Desktop/Razor/node_modules/vite/dist/node/chunks/dep-BK3b2jBa.js:63369:7)\n    at call (file:///C:/Users/verma/Desktop/Razor/node_modules/vite/dist/node/chunks/dep-BK3b2jBa.js:41364:7)\n    at next (file:///C:/Users/verma/Desktop/Razor/node_modules/vite/dist/node/chunks/dep-BK3b2jBa.js:41308:5)\n    at next (file:///C:/Users/verma/Desktop/Razor/node_modules/vite/dist/node/chunks/dep-BK3b2jBa.js:41286:14)\n    at viteCachedTransformMiddleware (file:///C:/Users/verma/Desktop/Razor/node_modules/vite/dist/node/chunks/dep-BK3b2jBa.js:62011:5)\n    at call (file:///C:/Users/verma/Desktop/Razor/node_modules/vite/dist/node/chunks/dep-BK3b2jBa.js:41364:7)\n    at next (file:///C:/Users/verma/Desktop/Razor/node_modules/vite/dist/node/chunks/dep-BK3b2jBa.js:41308:5)\n    at viteHostCheckMiddleware (file:///C:/Users/verma/Desktop/Razor/node_modules/vite/dist/node/chunks/dep-BK3b2jBa.js:59324:12)\n    at call (file:///C:/Users/verma/Desktop/Razor/node_modules/vite/dist/node/chunks/dep-BK3b2jBa.js:41364:7)\n    at next (file:///C:/Users/verma/Desktop/Razor/node_modules/vite/dist/node/chunks/dep-BK3b2jBa.js:41308:5)\n    at cors (file:///C:/Users/verma/Desktop/Razor/node_modules/vite/dist/node/chunks/dep-BK3b2jBa.js:41836:7)\n    at file:///C:/Users/verma/Desktop/Razor/node_modules/vite/dist/node/chunks/dep-BK3b2jBa.js:41872:17\n    at originCallback (file:///C:/Users/verma/Desktop/Razor/node_modules/vite/dist/node/chunks/dep-BK3b2jBa.js:41862:15)\n    at file:///C:/Users/verma/Desktop/Razor/node_modules/vite/dist/node/chunks/dep-BK3b2jBa.js:41867:13\n    at optionsCallback (file:///C:/Users/verma/Desktop/Razor/node_modules/vite/dist/node/chunks/dep-BK3b2jBa.js:41847:9)\n    at corsMiddleware (file:///C:/Users/verma/Desktop/Razor/node_modules/vite/dist/node/chunks/dep-BK3b2jBa.js:41852:7)\n    at call (file:///C:/Users/verma/Desktop/Razor/node_modules/vite/dist/node/chunks/dep-BK3b2jBa.js:41364:7)\n    at next (file:///C:/Users/verma/Desktop/Razor/node_modules/vite/dist/node/chunks/dep-BK3b2jBa.js:41308:5)\n    at viteRejectInvalidRequestMiddleware (file:///C:/Users/verma/Desktop/Razor/node_modules/vite/dist/node/chunks/dep-BK3b2jBa.js:63007:12)\n    at call (file:///C:/Users/verma/Desktop/Razor/node_modules/vite/dist/node/chunks/dep-BK3b2jBa.js:41364:7)\n    at next (file:///C:/Users/verma/Desktop/Razor/node_modules/vite/dist/node/chunks/dep-BK3b2jBa.js:41308:5)\n    at next (file:///C:/Users/verma/Desktop/Razor/node_modules/vite/dist/node/chunks/dep-BK3b2jBa.js:41286:14)\n    at next (file:///C:/Users/verma/Desktop/Razor/node_modules/vite/dist/node/chunks/dep-BK3b2jBa.js:41286:14)\n    at Function.handle (file:///C:/Users/verma/Desktop/Razor/node_modules/vite/dist/node/chunks/dep-BK3b2jBa.js:41311:3)\n    at Server.app (file:///C:/Users/verma/Desktop/Razor/node_modules/vite/dist/node/chunks/dep-BK3b2jBa.js:41176:37)\n    at Server.emit (node:events:524:28)\n    at parserOnIncoming (node:_http_server:1153:12)\n    at HTTPParser.parserOnHeadersComplete (node:_http_common:117:17)"],"stack":"Error\n    at console.<computed> [as error] (http://localhost:3000/__manus__/debug-collector.js:391:37)\n    at handleMessage (http://localhost:3000/@vite/client:702:19)\n    at WebSocket.<anonymous> (http://localhost:3000/@vite/client:550:5)"}
[2026-08-30T14:37:53.256Z] {"timestamp":1788100670711,"level":"INFO","args":["%cDownload the React DevTools for a better development experience: https://react.dev/link/react-devtools","font-weight:bold"],"stack":null}
[2026-08-30T14:37:55.921Z] {"timestamp":1788100675654,"level":"LOG","args":["[vite] server connection lost. Polling for restart..."],"stack":null}
[2026-08-30T14:37:59.283Z] {"timestamp":1788100676913,"level":"DEBUG","args":["[Manus] Debug collector initialized (no rrweb, UI events only)"],"stack":null}
[2026-08-30T14:37:59.283Z] {"timestamp":1788100676938,"level":"DEBUG","args":["[vite] connected."],"stack":null}
[2026-08-30T14:37:59.283Z] {"timestamp":1788100676948,"level":"INFO","args":["%cDownload the React DevTools for a better development experience: https://react.dev/link/react-devtools","font-weight:bold"],"stack":null}
[2026-08-30T14:39:44.522Z] {"timestamp":1788100782514,"level":"DEBUG","args":["[Manus] Debug collector initialized (no rrweb, UI events only)"],"stack":null}
[2026-08-30T14:39:44.522Z] {"timestamp":1788100782530,"level":"DEBUG","args":["[vite] connected."],"stack":null}
[2026-08-30T14:44:45.563Z] {"timestamp":1788101083307,"level":"DEBUG","args":["[Manus] Debug collector initialized (no rrweb, UI events only)"],"stack":null}
[2026-08-30T14:44:45.563Z] {"timestamp":1788101083330,"level":"DEBUG","args":["[vite] connected."],"stack":null}
[2026-08-30T14:44:46.430Z] {"timestamp":1788101083302,"level":"DEBUG","args":["[Manus] Debug collector initialized (no rrweb, UI events only)"],"stack":null}
[2026-08-30T14:44:46.430Z] {"timestamp":1788101083327,"level":"DEBUG","args":["[vite] connected."],"stack":null}
[2026-08-30T14:44:46.430Z] {"timestamp":1788101085761,"level":"INFO","args":["%cDownload the React DevTools for a better development experience: https://react.dev/link/react-devtools","font-weight:bold"],"stack":null}
[2026-08-30T14:44:48.883Z] {"timestamp":1788101086860,"level":"DEBUG","args":["[Manus] Debug collector initialized (no rrweb, UI events only)"],"stack":null}
[2026-08-30T14:44:48.883Z] {"timestamp":1788101086870,"level":"DEBUG","args":["[vite] connected."],"stack":null}
[2026-08-30T14:45:07.290Z] {"timestamp":1788101097033,"level":"LOG","args":["[vite] server connection lost. Polling for restart..."],"stack":null}
[2026-08-30T14:45:08.279Z] {"timestamp":1788101097034,"level":"LOG","args":["[vite] server connection lost. Polling for restart..."],"stack":null}
[2026-08-30T14:45:13.799Z] {"timestamp":1788101111791,"level":"DEBUG","args":["[Manus] Debug collector initialized (no rrweb, UI events only)"],"stack":null}
[2026-08-30T14:45:13.799Z] {"timestamp":1788101111811,"level":"DEBUG","args":["[vite] connected."],"stack":null}
[2026-08-30T14:45:13.799Z] {"timestamp":1788101112666,"level":"INFO","args":["%cDownload the React DevTools for a better development experience: https://react.dev/link/react-devtools","font-weight:bold"],"stack":null}
[2026-08-30T14:45:18.962Z] {"timestamp":1788101117791,"level":"DEBUG","args":["[Manus] Debug collector initialized (no rrweb, UI events only)"],"stack":null}
[2026-08-30T14:45:18.962Z] {"timestamp":1788101117803,"level":"DEBUG","args":["[vite] connected."],"stack":null}
[2026-08-30T14:45:21.067Z] {"timestamp":1788101119049,"level":"DEBUG","args":["[Manus] Debug collector initialized (no rrweb, UI events only)"],"stack":null}
[2026-08-30T14:45:21.067Z] {"timestamp":1788101119056,"level":"DEBUG","args":["[vite] connected."],"stack":null}
[2026-08-30T14:47:13.246Z] {"timestamp":1788101231226,"level":"DEBUG","args":["[Manus] Debug collector initialized (no rrweb, UI events only)"],"stack":null}
[2026-08-30T14:47:13.246Z] {"timestamp":1788101231255,"level":"DEBUG","args":["[vite] connected."],"stack":null}
[2026-08-30T14:47:13.246Z] {"timestamp":1788101231346,"level":"INFO","args":["%cDownload the React DevTools for a better development experience: https://react.dev/link/react-devtools","font-weight:bold"],"stack":null}
[2026-08-30T14:49:16.408Z] {"timestamp":1788101354393,"level":"DEBUG","args":["[Manus] Debug collector initialized (no rrweb, UI events only)"],"stack":null}
[2026-08-30T14:49:16.408Z] {"timestamp":1788101354400,"level":"DEBUG","args":["[vite] connected."],"stack":null}
[2026-08-30T15:09:38.631Z] {"timestamp":1788102576624,"level":"DEBUG","args":["[Manus] Debug collector initialized (no rrweb, UI events only)"],"stack":null}
[2026-08-30T15:09:38.631Z] {"timestamp":1788102576776,"level":"DEBUG","args":["[vite] connected."],"stack":null}
[2026-08-30T15:10:36.678Z] {"timestamp":1788102634657,"level":"DEBUG","args":["[Manus] Debug collector initialized (no rrweb, UI events only)"],"stack":null}
[2026-08-30T15:10:36.678Z] {"timestamp":1788102634662,"level":"DEBUG","args":["[vite] connected."],"stack":null}
[2026-08-30T15:10:49.259Z] {"timestamp":1788102646511,"level":"DEBUG","args":["[Manus] Debug collector initialized (no rrweb, UI events only)"],"stack":null}
[2026-08-30T15:10:49.259Z] {"timestamp":1788102646524,"level":"DEBUG","args":["[vite] connected."],"stack":null}
[2026-08-30T15:13:26.264Z] {"timestamp":1788102803768,"level":"DEBUG","args":["[Manus] Debug collector initialized (no rrweb, UI events only)"],"stack":null}
[2026-08-30T15:13:26.265Z] {"timestamp":1788102803793,"level":"DEBUG","args":["[vite] connected."],"stack":null}
[2026-08-30T15:13:31.249Z] {"timestamp":1788102808594,"level":"DEBUG","args":["[Manus] Debug collector initialized (no rrweb, UI events only)"],"stack":null}
[2026-08-30T15:13:31.249Z] {"timestamp":1788102808610,"level":"DEBUG","args":["[vite] connected."],"stack":null}
[2026-08-30T15:13:36.249Z] {"timestamp":1788102813477,"level":"DEBUG","args":["[Manus] Debug collector initialized (no rrweb, UI events only)"],"stack":null}
[2026-08-30T15:13:36.249Z] {"timestamp":1788102813484,"level":"DEBUG","args":["[vite] connected."],"stack":null}
[2026-08-30T15:13:40.259Z] {"timestamp":1788102817438,"level":"DEBUG","args":["[Manus] Debug collector initialized (no rrweb, UI events only)"],"stack":null}
[2026-08-30T15:13:40.259Z] {"timestamp":1788102817446,"level":"DEBUG","args":["[vite] connected."],"stack":null}
[2026-08-30T15:13:44.253Z] {"timestamp":1788102821453,"level":"DEBUG","args":["[Manus] Debug collector initialized (no rrweb, UI events only)"],"stack":null}
[2026-08-30T15:13:44.253Z] {"timestamp":1788102821462,"level":"DEBUG","args":["[vite] connected."],"stack":null}
[2026-08-30T15:13:52.257Z] {"timestamp":1788102829447,"level":"DEBUG","args":["[Manus] Debug collector initialized (no rrweb, UI events only)"],"stack":null}
[2026-08-30T15:13:52.257Z] {"timestamp":1788102829459,"level":"DEBUG","args":["[vite] connected."],"stack":null}
[2026-08-30T15:17:58.256Z] {"timestamp":1788103078165,"level":"DEBUG","args":["[vite] hot updated: /src/pages/Home.tsx"],"stack":null}
[2026-08-30T15:17:58.256Z] {"timestamp":1788103078166,"level":"DEBUG","args":["[vite] hot updated: /src/index.css"],"stack":null}
[2026-08-30T15:18:02.246Z] {"timestamp":1788103080701,"level":"DEBUG","args":["[vite] hot updated: /src/pages/Home.tsx"],"stack":null}
[2026-08-30T15:18:02.246Z] {"timestamp":1788103080702,"level":"DEBUG","args":["[vite] hot updated: /src/index.css"],"stack":null}
[2026-08-30T15:18:15.156Z] {"timestamp":1788103093136,"level":"DEBUG","args":["[Manus] Debug collector initialized (no rrweb, UI events only)"],"stack":null}
[2026-08-30T15:18:15.156Z] {"timestamp":1788103093156,"level":"DEBUG","args":["[vite] connected."],"stack":null}
[2026-08-30T15:23:18.437Z] {"timestamp":1788103396423,"level":"DEBUG","args":["[Manus] Debug collector initialized (no rrweb, UI events only)"],"stack":null}
[2026-08-30T15:23:18.437Z] {"timestamp":1788103396517,"level":"DEBUG","args":["[vite] connected."],"stack":null}
[2026-08-30T15:23:18.437Z] {"timestamp":1788103397333,"level":"INFO","args":["%cDownload the React DevTools for a better development experience: https://react.dev/link/react-devtools","font-weight:bold"],"stack":null}
[2026-08-30T15:24:11.254Z] {"timestamp":1788103449657,"level":"DEBUG","args":["[vite] hot updated: /src/pages/Home.tsx"],"stack":null}
[2026-08-30T15:24:11.254Z] {"timestamp":1788103449658,"level":"DEBUG","args":["[vite] hot updated: /src/index.css"],"stack":null}
[2026-08-30T15:24:11.254Z] {"timestamp":1788103449659,"level":"DEBUG","args":["[vite] hot updated: /src/pages/Home.tsx"],"stack":null}
[2026-08-30T15:24:11.255Z] {"timestamp":1788103449659,"level":"DEBUG","args":["[vite] hot updated: /src/index.css"],"stack":null}
[2026-08-30T15:24:42.174Z] {"timestamp":1788103480164,"level":"DEBUG","args":["[Manus] Debug collector initialized (no rrweb, UI events only)"],"stack":null}
[2026-08-30T15:24:42.174Z] {"timestamp":1788103480186,"level":"DEBUG","args":["[vite] connected."],"stack":null}
[2026-08-30T15:24:42.174Z] {"timestamp":1788103481050,"level":"INFO","args":["%cDownload the React DevTools for a better development experience: https://react.dev/link/react-devtools","font-weight:bold"],"stack":null}
[2026-08-30T15:25:06.214Z] {"timestamp":1788103504177,"level":"DEBUG","args":["[Manus] Debug collector initialized (no rrweb, UI events only)"],"stack":null}
[2026-08-30T15:25:06.214Z] {"timestamp":1788103504214,"level":"DEBUG","args":["[vite] connected."],"stack":null}
[2026-08-30T15:28:00.332Z] {"timestamp":1788103679814,"level":"DEBUG","args":["[vite] hot updated: /src/pages/Home.tsx"],"stack":null}
[2026-08-30T15:28:00.332Z] {"timestamp":1788103679814,"level":"DEBUG","args":["[vite] hot updated: /src/index.css"],"stack":null}
[2026-08-30T15:28:00.387Z] {"timestamp":1788103679912,"level":"DEBUG","args":["[vite] hot updated: /src/pages/Home.tsx"],"stack":null}
[2026-08-30T15:28:00.387Z] {"timestamp":1788103679914,"level":"DEBUG","args":["[vite] hot updated: /src/index.css"],"stack":null}
[2026-08-30T15:28:02.262Z] {"timestamp":1788103682209,"level":"DEBUG","args":["[vite] hot updated: /src/pages/Home.tsx"],"stack":null}
[2026-08-30T15:28:02.262Z] {"timestamp":1788103682209,"level":"DEBUG","args":["[vite] hot updated: /src/index.css"],"stack":null}
[2026-08-30T15:28:02.274Z] {"timestamp":1788103682221,"level":"DEBUG","args":["[vite] hot updated: /src/pages/Home.tsx"],"stack":null}
[2026-08-30T15:28:02.274Z] {"timestamp":1788103682222,"level":"DEBUG","args":["[vite] hot updated: /src/index.css"],"stack":null}
[2026-08-30T15:28:06.262Z] {"timestamp":1788103684928,"level":"DEBUG","args":["[vite] hot updated: /src/pages/Home.tsx"],"stack":null}
[2026-08-30T15:28:06.262Z] {"timestamp":1788103684929,"level":"DEBUG","args":["[vite] hot updated: /src/index.css"],"stack":null}
[2026-08-30T15:28:06.265Z] {"timestamp":1788103684931,"level":"DEBUG","args":["[vite] hot updated: /src/pages/Home.tsx"],"stack":null}
[2026-08-30T15:28:06.265Z] {"timestamp":1788103684931,"level":"DEBUG","args":["[vite] hot updated: /src/index.css"],"stack":null}
[2026-08-30T15:28:10.309Z] {"timestamp":1788103689283,"level":"DEBUG","args":["[vite] hot updated: /src/pages/Home.tsx"],"stack":null}
[2026-08-30T15:28:10.309Z] {"timestamp":1788103689284,"level":"DEBUG","args":["[vite] hot updated: /src/index.css"],"stack":null}
[2026-08-30T15:28:17.270Z] {"timestamp":1788103689292,"level":"DEBUG","args":["[vite] hot updated: /src/pages/Home.tsx"],"stack":null}
[2026-08-30T15:28:17.270Z] {"timestamp":1788103689292,"level":"DEBUG","args":["[vite] hot updated: /src/index.css"],"stack":null}
[2026-08-30T15:29:59.271Z] {"timestamp":1788103797073,"level":"DEBUG","args":["[Manus] Debug collector initialized (no rrweb, UI events only)"],"stack":null}
[2026-08-30T15:29:59.271Z] {"timestamp":1788103797083,"level":"DEBUG","args":["[vite] connected."],"stack":null}
[2026-08-30T15:29:59.271Z] {"timestamp":1788103797120,"level":"INFO","args":["%cDownload the React DevTools for a better development experience: https://react.dev/link/react-devtools","font-weight:bold"],"stack":null}
[2026-08-30T15:29:59.275Z] {"timestamp":1788103797073,"level":"DEBUG","args":["[Manus] Debug collector initialized (no rrweb, UI events only)"],"stack":null}
[2026-08-30T15:29:59.275Z] {"timestamp":1788103797083,"level":"DEBUG","args":["[vite] connected."],"stack":null}
[2026-08-30T15:29:59.275Z] {"timestamp":1788103797120,"level":"INFO","args":["%cDownload the React DevTools for a better development experience: https://react.dev/link/react-devtools","font-weight:bold"],"stack":null}
[2026-08-30T15:29:59.292Z] {"timestamp":1788103797028,"level":"DEBUG","args":["[Manus] Debug collector initialized (no rrweb, UI events only)"],"stack":null}
[2026-08-30T15:29:59.292Z] {"timestamp":1788103797041,"level":"DEBUG","args":["[vite] connected."],"stack":null}
[2026-08-30T15:29:59.324Z] {"timestamp":1788103797028,"level":"DEBUG","args":["[Manus] Debug collector initialized (no rrweb, UI events only)"],"stack":null}
[2026-08-30T15:29:59.324Z] {"timestamp":1788103797041,"level":"DEBUG","args":["[vite] connected."],"stack":null}
[2026-08-30T15:30:02.252Z] {"timestamp":1788103799705,"level":"DEBUG","args":["[Manus] Debug collector initialized (no rrweb, UI events only)"],"stack":null}
[2026-08-30T15:30:02.252Z] {"timestamp":1788103799720,"level":"DEBUG","args":["[vite] connected."],"stack":null}
[2026-08-30T15:30:02.252Z] {"timestamp":1788103799769,"level":"INFO","args":["%cDownload the React DevTools for a better development experience: https://react.dev/link/react-devtools","font-weight:bold"],"stack":null}
[2026-08-30T15:30:02.260Z] {"timestamp":1788103799705,"level":"DEBUG","args":["[Manus] Debug collector initialized (no rrweb, UI events only)"],"stack":null}
[2026-08-30T15:30:02.260Z] {"timestamp":1788103799720,"level":"DEBUG","args":["[vite] connected."],"stack":null}
[2026-08-30T15:30:02.260Z] {"timestamp":1788103799769,"level":"INFO","args":["%cDownload the React DevTools for a better development experience: https://react.dev/link/react-devtools","font-weight:bold"],"stack":null}
[2026-08-30T15:30:02.420Z] {"timestamp":1788103799638,"level":"DEBUG","args":["[Manus] Debug collector initialized (no rrweb, UI events only)"],"stack":null}
[2026-08-30T15:30:02.420Z] {"timestamp":1788103799656,"level":"DEBUG","args":["[vite] connected."],"stack":null}
[2026-08-30T15:30:02.422Z] {"timestamp":1788103799638,"level":"DEBUG","args":["[Manus] Debug collector initialized (no rrweb, UI events only)"],"stack":null}
[2026-08-30T15:30:02.422Z] {"timestamp":1788103799656,"level":"DEBUG","args":["[vite] connected."],"stack":null}
[2026-08-30T15:30:05.263Z] {"timestamp":1788103802467,"level":"DEBUG","args":["[Manus] Debug collector initialized (no rrweb, UI events only)"],"stack":null}
[2026-08-30T15:30:05.263Z] {"timestamp":1788103802489,"level":"DEBUG","args":["[vite] connected."],"stack":null}
[2026-08-30T15:30:05.263Z] {"timestamp":1788103802514,"level":"INFO","args":["%cDownload the React DevTools for a better development experience: https://react.dev/link/react-devtools","font-weight:bold"],"stack":null}
[2026-08-30T15:30:05.479Z] {"timestamp":1788103802618,"level":"DEBUG","args":["[Manus] Debug collector initialized (no rrweb, UI events only)"],"stack":null}
[2026-08-30T15:30:05.479Z] {"timestamp":1788103802628,"level":"DEBUG","args":["[vite] connected."],"stack":null}
[2026-08-30T15:30:06.627Z] {"timestamp":1788103805687,"level":"DEBUG","args":["[Manus] Debug collector initialized (no rrweb, UI events only)"],"stack":null}
[2026-08-30T15:30:06.627Z] {"timestamp":1788103805700,"level":"DEBUG","args":["[vite] connected."],"stack":null}
[2026-08-30T15:30:06.634Z] {"timestamp":1788103805603,"level":"DEBUG","args":["[Manus] Debug collector initialized (no rrweb, UI events only)"],"stack":null}
[2026-08-30T15:30:06.634Z] {"timestamp":1788103805612,"level":"DEBUG","args":["[vite] connected."],"stack":null}
[2026-08-30T15:30:06.634Z] {"timestamp":1788103805633,"level":"INFO","args":["%cDownload the React DevTools for a better development experience: https://react.dev/link/react-devtools","font-weight:bold"],"stack":null}
[2026-08-30T15:30:08.884Z] {"timestamp":1788103806877,"level":"DEBUG","args":["[Manus] Debug collector initialized (no rrweb, UI events only)"],"stack":null}
[2026-08-30T15:30:08.884Z] {"timestamp":1788103806886,"level":"DEBUG","args":["[vite] connected."],"stack":null}
[2026-08-30T15:30:09.255Z] {"timestamp":1788103806805,"level":"DEBUG","args":["[Manus] Debug collector initialized (no rrweb, UI events only)"],"stack":null}
[2026-08-30T15:30:09.255Z] {"timestamp":1788103806809,"level":"DEBUG","args":["[vite] connected."],"stack":null}
[2026-08-30T15:30:09.255Z] {"timestamp":1788103806948,"level":"INFO","args":["%cDownload the React DevTools for a better development experience: https://react.dev/link/react-devtools","font-weight:bold"],"stack":null}
[2026-08-30T15:30:11.967Z] {"timestamp":1788103809953,"level":"DEBUG","args":["[Manus] Debug collector initialized (no rrweb, UI events only)"],"stack":null}
[2026-08-30T15:30:11.967Z] {"timestamp":1788103809961,"level":"DEBUG","args":["[vite] connected."],"stack":null}
[2026-08-30T15:30:17.546Z] {"timestamp":1788103815530,"level":"DEBUG","args":["[Manus] Debug collector initialized (no rrweb, UI events only)"],"stack":null}
[2026-08-30T15:30:17.546Z] {"timestamp":1788103815537,"level":"DEBUG","args":["[vite] connected."],"stack":null}
[2026-08-30T15:30:17.546Z] {"timestamp":1788103815567,"level":"INFO","args":["%cDownload the React DevTools for a better development experience: https://react.dev/link/react-devtools","font-weight:bold"],"stack":null}
[2026-08-30T15:30:18.260Z] {"timestamp":1788103815516,"level":"DEBUG","args":["[Manus] Debug collector initialized (no rrweb, UI events only)"],"stack":null}
[2026-08-30T15:30:18.260Z] {"timestamp":1788103815535,"level":"DEBUG","args":["[vite] connected."],"stack":null}
[2026-08-30T15:39:47.341Z] {"timestamp":1788104384968,"level":"DEBUG","args":["[Manus] Debug collector initialized (no rrweb, UI events only)"],"stack":null}
[2026-08-30T15:39:47.341Z] {"timestamp":1788104386901,"level":"DEBUG","args":["[vite] connected."],"stack":null}
[2026-08-30T15:39:50.936Z] {"timestamp":1788104386835,"level":"DEBUG","args":["[Manus] Debug collector initialized (no rrweb, UI events only)"],"stack":null}
[2026-08-30T15:39:50.936Z] {"timestamp":1788104386919,"level":"DEBUG","args":["[vite] connected."],"stack":null}
[2026-08-30T15:39:51.438Z] {"timestamp":1788104390645,"level":"INFO","args":["%cDownload the React DevTools for a better development experience: https://react.dev/link/react-devtools","font-weight:bold"],"stack":null}
[2026-08-30T15:45:27.340Z] {"timestamp":1788104722541,"level":"DEBUG","args":["[Manus] Debug collector initialized (no rrweb, UI events only)"],"stack":null}
[2026-08-30T15:45:27.340Z] {"timestamp":1788104722622,"level":"DEBUG","args":["[vite] connected."],"stack":null}
[2026-08-30T15:45:27.356Z] {"timestamp":1788104723757,"level":"DEBUG","args":["[Manus] Debug collector initialized (no rrweb, UI events only)"],"stack":null}
[2026-08-30T15:45:27.356Z] {"timestamp":1788104724967,"level":"DEBUG","args":["[vite] connected."],"stack":null}
[2026-08-30T15:45:28.557Z] {"timestamp":1788104727545,"level":"INFO","args":["%cDownload the React DevTools for a better development experience: https://react.dev/link/react-devtools","font-weight:bold"],"stack":null}
